2020/01/12 08:05:00 [warn] 1614#1614: *504 upstream server temporarily disabled while connecting to upstream, client: 172.23.0.1, server: sjdco.test, request: "GET / HTTP/1.1", upstream: "http://127.0.0.1:8080/", host: "sjdco.test"
2020/01/12 08:05:00 [crit] 1614#1614: *504 connect() to [::1]:8080 failed (99: Cannot assign requested address) while connecting to upstream, client: 172.23.0.1, server: sjdco.test, request: "GET / HTTP/1.1", upstream: "http://[::1]:8080/", host: "sjdco.test"
2020/01/12 08:05:00 [warn] 1614#1614: *504 upstream server temporarily disabled while connecting to upstream, client: 172.23.0.1, server: sjdco.test, request: "GET / HTTP/1.1", upstream: "http://[::1]:8080/", host: "sjdco.test"
2020/01/12 08:05:01 [crit] 1614#1614: *504 connect() to [::1]:8080 failed (99: Cannot assign requested address) while connecting to upstream, client: 172.23.0.1, server: sjdco.test, request: "GET / HTTP/1.1", upstream: "http://[::1]:8080/", host: "sjdco.test"
2020/01/12 08:05:01 [warn] 1614#1614: *504 upstream server temporarily disabled while connecting to upstream, client: 172.23.0.1, server: sjdco.test, request: "GET / HTTP/1.1", upstream: "http://[::1]:8080/", host: "sjdco.test"
2020/01/12 08:05:01 [error] 1614#1614: *504 connect() failed (111: Connection refused) while connecting to upstream, client: 172.23.0.1, server: sjdco.test, request: "GET / HTTP/1.1", upstream: "http://127.0.0.1:8080/", host: "sjdco.test"
2020/01/12 08:05:01 [warn] 1614#1614: *504 upstream server temporarily disabled while connecting to upstream, client: 172.23.0.1, server: sjdco.test, request: "GET / HTTP/1.1", upstream: "http://127.0.0.1:8080/", host: "sjdco.test"
2020/01/12 08:05:01 [error] 1614#1614: *504 connect() failed (111: Connection refused) while connecting to upstream, client: 172.23.0.1, server: sjdco.test, request: "GET / HTTP/1.1", upstream: "http://127.0.0.1:8080/", host: "sjdco.test"
2020/01/12 08:05:01 [warn] 1614#1614: *504 upstream server temporarily disabled while connecting to upstream, client: 172.23.0.1, server: sjdco.test, request: "GET / HTTP/1.1", upstream: "http://127.0.0.1:8080/", host: "sjdco.test"
2020/01/12 08:05:01 [crit] 1614#1614: *504 connect() to [::1]:8080 failed (99: Cannot assign requested address) while connecting to upstream, client: 172.23.0.1, server: sjdco.test, request: "GET / HTTP/1.1", upstream: "http://[::1]:8080/", host: "sjdco.test"
2020/01/12 08:05:01 [warn] 1614#1614: *504 upstream server temporarily disabled while connecting to upstream, client: 172.23.0.1, server: sjdco.test, request: "GET / HTTP/1.1", upstream: "http://[::1]:8080/", host: "sjdco.test"
2020/01/12 08:05:01 [error] 1614#1614: *504 connect() failed (111: Connection refused) while connecting to upstream, client: 172.23.0.1, server: sjdco.test, request: "GET / HTTP/1.1", upstream: "http://127.0.0.1:8080/", host: "sjdco.test"
2020/01/12 08:05:01 [warn] 1614#1614: *504 upstream server temporarily disabled while connecting to upstream, client: 172.23.0.1, server: sjdco.test, request: "GET / HTTP/1.1", upstream: "http://127.0.0.1:8080/", host: "sjdco.test"
2020/01/12 08:05:01 [crit] 1614#1614: *504 connect() to [::1]:8080 failed (99: Cannot assign requested address) while connecting to upstream, client: 172.23.0.1, server: sjdco.test, request: "GET / HTTP/1.1", upstream: "http://[::1]:8080/", host: "sjdco.test"
2020/01/12 08:05:01 [warn] 1614#1614: *504 upstream server temporarily disabled while connecting to upstream, client: 172.23.0.1, server: sjdco.test, request: "GET / HTTP/1.1", upstream: "http://[::1]:8080/", host: "sjdco.test"
2020/01/12 08:05:01 [crit] 1614#1614: *504 connect() to [::1]:8080 failed (99: Cannot assign requested address) while connecting to upstream, client: 172.23.0.1, server: sjdco.test, request: "GET / HTTP/1.1", upstream: "http://[::1]:8080/", host: "sjdco.test"
2020/01/12 08:05:01 [warn] 1614#1614: *504 upstream server temporarily disabled while connecting to upstream, client: 172.23.0.1, server: sjdco.test, request: "GET / HTTP/1.1", upstream: "http://[::1]:8080/", host: "sjdco.test"
2020/01/12 08:05:01 [error] 1614#1614: *504 connect() failed (111: Connection refused) while connecting to upstream, client: 172.23.0.1, server: sjdco.test, request: "GET / HTTP/1.1", upstream: "http://127.0.0.1:8080/", host: "sjdco.test"
2020/01/12 08:05:01 [warn] 1614#1614: *504 upstream server temporarily disabled while connecting to upstream, client: 172.23.0.1, server: sjdco.test, request: "GET / HTTP/1.1", upstream: "http://127.0.0.1:8080/", host: "sjdco.test"
2020/01/12 08:05:01 [error] 1614#1614: *504 connect() failed (111: Connection refused) while connecting to upstream, client: 172.23.0.1, server: sjdco.test, request: "GET / HTTP/1.1", upstream: "http://127.0.0.1:8080/", host: "sjdco.test"
2020/01/12 08:05:01 [warn] 1614#1614: *504 upstream server temporarily disabled while connecting to upstream, client: 172.23.0.1, server: sjdco.test, request: "GET / HTTP/1.1", upstream: "http://127.0.0.1:8080/", host: "sjdco.test"
2020/01/12 08:05:01 [crit] 1614#1614: *504 connect() to [::1]:8080 failed (99: Cannot assign requested address) while connecting to upstream, client: 172.23.0.1, server: sjdco.test, request: "GET / HTTP/1.1", upstream: "http://[::1]:8080/", host: "sjdco.test"
2020/01/12 08:05:01 [warn] 1614#1614: *504 upstream server temporarily disabled while connecting to upstream, client: 172.23.0.1, server: sjdco.test, request: "GET / HTTP/1.1", upstream: "http://[::1]:8080/", host: "sjdco.test"
2020/01/12 08:05:02 [error] 1614#1614: *504 connect() failed (111: Connection refused) while connecting to upstream, client: 172.23.0.1, server: sjdco.test, request: "GET / HTTP/1.1", upstream: "http://127.0.0.1:8080/", host: "sjdco.test"
2020/01/12 08:05:02 [warn] 1614#1614: *504 upstream server temporarily disabled while connecting to upstream, client: 172.23.0.1, server: sjdco.test, request: "GET / HTTP/1.1", upstream: "http://127.0.0.1:8080/", host: "sjdco.test"
2020/01/12 08:05:02 [crit] 1614#1614: *504 connect() to [::1]:8080 failed (99: Cannot assign requested address) while connecting to upstream, client: 172.23.0.1, server: sjdco.test, request: "GET / HTTP/1.1", upstream: "http://[::1]:8080/", host: "sjdco.test"
2020/01/12 08:05:02 [warn] 1614#1614: *504 upstream server temporarily disabled while connecting to upstream, client: 172.23.0.1, server: sjdco.test, request: "GET / HTTP/1.1", upstream: "http://[::1]:8080/", host: "sjdco.test"
2020/01/12 08:05:51 [warn] 1648#1648: *538 using uninitialized "server" variable while logging request, client: 172.23.0.1, server: localhost, request: "GET /wp-admin/post.php?post=88&action=edit&message=1 HTTP/1.1", host: "sjdco.test"
2020/01/12 08:05:51 [warn] 1648#1648: *539 using uninitialized "server" variable while logging request, client: 172.23.0.1, server: localhost, request: "GET /wp-admin/post.php?post=88&action=edit&message=1 HTTP/1.1", host: "sjdco.test"
2020/01/12 08:05:51 [warn] 1648#1648: *540 using uninitialized "server" variable while logging request, client: 172.23.0.1, server: localhost, request: "GET /wp-admin/post.php?post=88&action=edit&message=1 HTTP/1.1", host: "sjdco.test"
2020/01/12 08:05:52 [warn] 1648#1648: *541 using uninitialized "server" variable while logging request, client: 172.23.0.1, server: localhost, request: "GET /wp-json/wp/v2 HTTP/1.1", host: "sjdco.test"
2020/01/12 08:05:52 [warn] 1648#1648: *542 using uninitialized "server" variable while logging request, client: 172.23.0.1, server: localhost, request: "GET /wp-json/wp/v2 HTTP/1.1", host: "sjdco.test"
2020/01/12 08:05:52 [warn] 1648#1648: *543 using uninitialized "server" variable while logging request, client: 172.23.0.1, server: localhost, request: "GET /wp-json/wp/v2 HTTP/1.1", host: "sjdco.test"
2020/01/12 08:05:53 [warn] 1648#1648: *544 using uninitialized "server" variable while logging request, client: 172.23.0.1, server: localhost, request: "GET /wp-json/wp/v2 HTTP/1.1", host: "sjdco.test"
2020/01/12 08:05:53 [warn] 1648#1648: *545 using uninitialized "server" variable while logging request, client: 172.23.0.1, server: localhost, request: "GET /wp-json/wp/v2 HTTP/1.1", host: "sjdco.test"
2020/01/12 08:05:53 [warn] 1648#1648: *546 using uninitialized "server" variable while logging request, client: 172.23.0.1, server: localhost, request: "GET /wp-json/wp/v2 HTTP/1.1", host: "sjdco.test"
2020/01/12 08:05:54 [warn] 1648#1648: *547 using uninitialized "server" variable while logging request, client: 172.23.0.1, server: localhost, request: "GET /wp-json/wp/v2/ HTTP/1.1", host: "sjdco.test"
2020/01/12 08:05:54 [warn] 1648#1648: *548 using uninitialized "server" variable while logging request, client: 172.23.0.1, server: localhost, request: "GET /wp-json/wp/v2/ HTTP/1.1", host: "sjdco.test"
2020/01/12 08:05:54 [warn] 1648#1648: *549 using uninitialized "server" variable while logging request, client: 172.23.0.1, server: localhost, request: "GET /wp-json/wp/v2/ HTTP/1.1", host: "sjdco.test"
2020/01/12 08:05:54 [warn] 1648#1648: *550 using uninitialized "server" variable while logging request, client: 172.23.0.1, server: localhost, request: "GET /wp-json/ HTTP/1.1", host: "sjdco.test"
2020/01/12 08:05:54 [warn] 1648#1648: *551 using uninitialized "server" variable while logging request, client: 172.23.0.1, server: localhost, request: "GET /wp-json/ HTTP/1.1", host: "sjdco.test"
2020/01/12 08:05:54 [warn] 1648#1648: *552 using uninitialized "server" variable while logging request, client: 172.23.0.1, server: localhost, request: "GET /wp-json/ HTTP/1.1", host: "sjdco.test"
2020/01/12 08:15:14 [warn] 1961#1961: *661 using uninitialized "server" variable while logging request, client: 172.23.0.1, server: localhost, request: "GET /wp-json/gf/v2/entries HTTP/1.1", host: "sjdco.test"
2020/01/12 08:15:16 [error] 1961#1961: *664 open() "/var/www/html/wp-json/acf/v3/options/sjdco-options" failed (2: No such file or directory), client: 172.23.0.1, server: localhost-nginx-proxy-manager, request: "GET /wp-json/acf/v3/options/sjdco-options HTTP/1.1", host: "sjdco.test", referrer: "http://localhost:3000/"
2020/01/12 08:15:16 [warn] 1961#1961: *664 using uninitialized "server" variable while logging request, client: 172.23.0.1, server: localhost-nginx-proxy-manager, request: "GET /wp-json/acf/v3/options/sjdco-options HTTP/1.1", host: "sjdco.test", referrer: "http://localhost:3000/"
2020/01/12 08:15:16 [error] 1961#1961: *665 open() "/var/www/html/wp-json" failed (2: No such file or directory), client: 172.23.0.1, server: localhost-nginx-proxy-manager, request: "GET /wp-json HTTP/1.1", host: "sjdco.test", referrer: "http://localhost:3000/"
2020/01/12 08:15:16 [error] 1962#1962: *666 open() "/var/www/html/wp-json/wp/v2/projects" failed (2: No such file or directory), client: 172.23.0.1, server: localhost-nginx-proxy-manager, request: "GET /wp-json/wp/v2/projects?_embed&order=asc&orderby=menu_order HTTP/1.1", host: "sjdco.test", referrer: "http://localhost:3000/"
2020/01/12 08:15:16 [warn] 1961#1961: *665 using uninitialized "server" variable while logging request, client: 172.23.0.1, server: localhost-nginx-proxy-manager, request: "GET /wp-json HTTP/1.1", host: "sjdco.test", referrer: "http://localhost:3000/"
2020/01/12 08:15:16 [warn] 1962#1962: *666 using uninitialized "server" variable while logging request, client: 172.23.0.1, server: localhost-nginx-proxy-manager, request: "GET /wp-json/wp/v2/projects?_embed&order=asc&orderby=menu_order HTTP/1.1", host: "sjdco.test", referrer: "http://localhost:3000/"
2020/01/12 08:15:16 [error] 1961#1961: *664 open() "/var/www/html/wp-json/sjdco/v1/post-by-path/home" failed (2: No such file or directory), client: 172.23.0.1, server: localhost-nginx-proxy-manager, request: "GET /wp-json/sjdco/v1/post-by-path/home HTTP/1.1", host: "sjdco.test", referrer: "http://localhost:3000/"
2020/01/12 08:15:16 [warn] 1961#1961: *664 using uninitialized "server" variable while logging request, client: 172.23.0.1, server: localhost-nginx-proxy-manager, request: "GET /wp-json/sjdco/v1/post-by-path/home HTTP/1.1", host: "sjdco.test", referrer: "http://localhost:3000/"
2020/01/12 08:15:18 [error] 1961#1961: *664 open() "/var/www/html/wp-json/acf/v3/options/sjdco-options" failed (2: No such file or directory), client: 172.23.0.1, server: localhost-nginx-proxy-manager, request: "GET /wp-json/acf/v3/options/sjdco-options HTTP/1.1", host: "sjdco.test", referrer: "http://localhost:3000/"
2020/01/12 08:15:18 [warn] 1961#1961: *664 using uninitialized "server" variable while logging request, client: 172.23.0.1, server: localhost-nginx-proxy-manager, request: "GET /wp-json/acf/v3/options/sjdco-options HTTP/1.1", host: "sjdco.test", referrer: "http://localhost:3000/"
2020/01/12 08:15:18 [error] 1962#1962: *666 open() "/var/www/html/wp-json/wp/v2/projects" failed (2: No such file or directory), client: 172.23.0.1, server: localhost-nginx-proxy-manager, request: "GET /wp-json/wp/v2/projects?_embed&order=asc&orderby=menu_order HTTP/1.1", host: "sjdco.test", referrer: "http://localhost:3000/"
2020/01/12 08:15:18 [warn] 1962#1962: *666 using uninitialized "server" variable while logging request, client: 172.23.0.1, server: localhost-nginx-proxy-manager, request: "GET /wp-json/wp/v2/projects?_embed&order=asc&orderby=menu_order HTTP/1.1", host: "sjdco.test", referrer: "http://localhost:3000/"
2020/01/12 08:15:18 [error] 1961#1961: *665 open() "/var/www/html/wp-json" failed (2: No such file or directory), client: 172.23.0.1, server: localhost-nginx-proxy-manager, request: "GET /wp-json HTTP/1.1", host: "sjdco.test", referrer: "http://localhost:3000/"
2020/01/12 08:15:18 [error] 1963#1963: *667 open() "/var/www/html/wp-json/sjdco/v1/post-by-path/home" failed (2: No such file or directory), client: 172.23.0.1, server: localhost-nginx-proxy-manager, request: "GET /wp-json/sjdco/v1/post-by-path/home HTTP/1.1", host: "sjdco.test", referrer: "http://localhost:3000/"
2020/01/12 08:15:18 [warn] 1963#1963: *667 using uninitialized "server" variable while logging request, client: 172.23.0.1, server: localhost-nginx-proxy-manager, request: "GET /wp-json/sjdco/v1/post-by-path/home HTTP/1.1", host: "sjdco.test", referrer: "http://localhost:3000/"
2020/01/12 08:15:18 [warn] 1961#1961: *665 using uninitialized "server" variable while logging request, client: 172.23.0.1, server: localhost-nginx-proxy-manager, request: "GET /wp-json HTTP/1.1", host: "sjdco.test", referrer: "http://localhost:3000/"
2020/01/12 08:17:03 [error] 1961#1961: *682 open() "/var/www/html/wp-admin/admin-ajax.php" failed (2: No such file or directory), client: 172.23.0.1, server: localhost-nginx-proxy-manager, request: "POST /wp-admin/admin-ajax.php HTTP/1.1", host: "sjdco.test", referrer: "http://sjdco.test/wp-admin/admin.php?page=gf_settings&subview=gravityformswebapi&action=edit&key_id=0"
2020/01/12 08:17:03 [warn] 1961#1961: *682 using uninitialized "server" variable while logging request, client: 172.23.0.1, server: localhost-nginx-proxy-manager, request: "POST /wp-admin/admin-ajax.php HTTP/1.1", host: "sjdco.test", referrer: "http://sjdco.test/wp-admin/admin.php?page=gf_settings&subview=gravityformswebapi&action=edit&key_id=0"
2020/01/12 08:17:25 [error] 2042#2042: *685 open() "/var/www/html/wp-json/acf/v3/options/sjdco-options" failed (2: No such file or directory), client: 172.23.0.1, server: localhost-nginx-proxy-manager, request: "GET /wp-json/acf/v3/options/sjdco-options HTTP/1.1", host: "sjdco.test", referrer: "http://localhost:3000/"
2020/01/12 08:17:25 [warn] 2042#2042: *685 using uninitialized "server" variable while logging request, client: 172.23.0.1, server: localhost-nginx-proxy-manager, request: "GET /wp-json/acf/v3/options/sjdco-options HTTP/1.1", host: "sjdco.test", referrer: "http://localhost:3000/"
2020/01/12 08:17:25 [error] 2044#2044: *687 open() "/var/www/html/wp-json/wp/v2/projects" failed (2: No such file or directory), client: 172.23.0.1, server: localhost-nginx-proxy-manager, request: "GET /wp-json/wp/v2/projects?_embed&order=asc&orderby=menu_order HTTP/1.1", host: "sjdco.test", referrer: "http://localhost:3000/"
2020/01/12 08:17:25 [error] 2042#2042: *686 open() "/var/www/html/wp-json" failed (2: No such file or directory), client: 172.23.0.1, server: localhost-nginx-proxy-manager, request: "GET /wp-json HTTP/1.1", host: "sjdco.test", referrer: "http://localhost:3000/"
2020/01/12 08:17:25 [warn] 2044#2044: *687 using uninitialized "server" variable while logging request, client: 172.23.0.1, server: localhost-nginx-proxy-manager, request: "GET /wp-json/wp/v2/projects?_embed&order=asc&orderby=menu_order HTTP/1.1", host: "sjdco.test", referrer: "http://localhost:3000/"
2020/01/12 08:17:25 [warn] 2042#2042: *686 using uninitialized "server" variable while logging request, client: 172.23.0.1, server: localhost-nginx-proxy-manager, request: "GET /wp-json HTTP/1.1", host: "sjdco.test", referrer: "http://localhost:3000/"
2020/01/12 08:17:25 [error] 2042#2042: *685 open() "/var/www/html/wp-json/sjdco/v1/post-by-path/home" failed (2: No such file or directory), client: 172.23.0.1, server: localhost-nginx-proxy-manager, request: "GET /wp-json/sjdco/v1/post-by-path/home HTTP/1.1", host: "sjdco.test", referrer: "http://localhost:3000/"
2020/01/12 08:17:25 [warn] 2042#2042: *685 using uninitialized "server" variable while logging request, client: 172.23.0.1, server: localhost-nginx-proxy-manager, request: "GET /wp-json/sjdco/v1/post-by-path/home HTTP/1.1", host: "sjdco.test", referrer: "http://localhost:3000/"
2020/01/12 08:17:28 [error] 2042#2042: *685 open() "/var/www/html/wp-json/acf/v3/options/sjdco-options" failed (2: No such file or directory), client: 172.23.0.1, server: localhost-nginx-proxy-manager, request: "GET /wp-json/acf/v3/options/sjdco-options HTTP/1.1", host: "sjdco.test", referrer: "http://localhost:3000/"
2020/01/12 08:17:28 [warn] 2042#2042: *685 using uninitialized "server" variable while logging request, client: 172.23.0.1, server: localhost-nginx-proxy-manager, request: "GET /wp-json/acf/v3/options/sjdco-options HTTP/1.1", host: "sjdco.test", referrer: "http://localhost:3000/"
2020/01/12 08:17:28 [error] 2044#2044: *687 open() "/var/www/html/wp-json/wp/v2/projects" failed (2: No such file or directory), client: 172.23.0.1, server: localhost-nginx-proxy-manager, request: "GET /wp-json/wp/v2/projects?_embed&order=asc&orderby=menu_order HTTP/1.1", host: "sjdco.test", referrer: "http://localhost:3000/"
2020/01/12 08:17:28 [warn] 2044#2044: *687 using uninitialized "server" variable while logging request, client: 172.23.0.1, server: localhost-nginx-proxy-manager, request: "GET /wp-json/wp/v2/projects?_embed&order=asc&orderby=menu_order HTTP/1.1", host: "sjdco.test", referrer: "http://localhost:3000/"
2020/01/12 08:17:28 [error] 2042#2042: *686 open() "/var/www/html/wp-json" failed (2: No such file or directory), client: 172.23.0.1, server: localhost-nginx-proxy-manager, request: "GET /wp-json HTTP/1.1", host: "sjdco.test", referrer: "http://localhost:3000/"
2020/01/12 08:17:28 [warn] 2042#2042: *686 using uninitialized "server" variable while logging request, client: 172.23.0.1, server: localhost-nginx-proxy-manager, request: "GET /wp-json HTTP/1.1", host: "sjdco.test", referrer: "http://localhost:3000/"
2020/01/12 08:17:28 [error] 2042#2042: *685 open() "/var/www/html/wp-json/sjdco/v1/post-by-path/home" failed (2: No such file or directory), client: 172.23.0.1, server: localhost-nginx-proxy-manager, request: "GET /wp-json/sjdco/v1/post-by-path/home HTTP/1.1", host: "sjdco.test", referrer: "http://localhost:3000/"
2020/01/12 08:17:28 [warn] 2042#2042: *685 using uninitialized "server" variable while logging request, client: 172.23.0.1, server: localhost-nginx-proxy-manager, request: "GET /wp-json/sjdco/v1/post-by-path/home HTTP/1.1", host: "sjdco.test", referrer: "http://localhost:3000/"
2020/01/12 08:17:31 [error] 2042#2042: *685 open() "/var/www/html/wp-json/acf/v3/options/sjdco-options" failed (2: No such file or directory), client: 172.23.0.1, server: localhost-nginx-proxy-manager, request: "GET /wp-json/acf/v3/options/sjdco-options HTTP/1.1", host: "sjdco.test", referrer: "http://localhost:3000/"
2020/01/12 08:17:31 [warn] 2042#2042: *685 using uninitialized "server" variable while logging request, client: 172.23.0.1, server: localhost-nginx-proxy-manager, request: "GET /wp-json/acf/v3/options/sjdco-options HTTP/1.1", host: "sjdco.test", referrer: "http://localhost:3000/"
2020/01/12 08:17:31 [error] 2042#2042: *686 open() "/var/www/html/wp-json" failed (2: No such file or directory), client: 172.23.0.1, server: localhost-nginx-proxy-manager, request: "GET /wp-json HTTP/1.1", host: "sjdco.test", referrer: "http://localhost:3000/"
2020/01/12 08:17:31 [warn] 2042#2042: *686 using uninitialized "server" variable while logging request, client: 172.23.0.1, server: localhost-nginx-proxy-manager, request: "GET /wp-json HTTP/1.1", host: "sjdco.test", referrer: "http://localhost:3000/"
2020/01/12 08:17:31 [error] 2042#2042: *685 open() "/var/www/html/wp-json/wp/v2/projects" failed (2: No such file or directory), client: 172.23.0.1, server: localhost-nginx-proxy-manager, request: "GET /wp-json/wp/v2/projects?_embed&order=asc&orderby=menu_order HTTP/1.1", host: "sjdco.test", referrer: "http://localhost:3000/"
2020/01/12 08:17:31 [warn] 2042#2042: *685 using uninitialized "server" variable while logging request, client: 172.23.0.1, server: localhost-nginx-proxy-manager, request: "GET /wp-json/wp/v2/projects?_embed&order=asc&orderby=menu_order HTTP/1.1", host: "sjdco.test", referrer: "http://localhost:3000/"
2020/01/12 08:17:31 [error] 2042#2042: *685 open() "/var/www/html/wp-json/sjdco/v1/post-by-path/home" failed (2: No such file or directory), client: 172.23.0.1, server: localhost-nginx-proxy-manager, request: "GET /wp-json/sjdco/v1/post-by-path/home HTTP/1.1", host: "sjdco.test", referrer: "http://localhost:3000/"
2020/01/12 08:17:31 [warn] 2042#2042: *685 using uninitialized "server" variable while logging request, client: 172.23.0.1, server: localhost-nginx-proxy-manager, request: "GET /wp-json/sjdco/v1/post-by-path/home HTTP/1.1", host: "sjdco.test", referrer: "http://localhost:3000/"
2020/01/12 08:17:56 [error] 2070#2070: *692 open() "/etc/nginx/html/wp-json/acf/v3/options/sjdco-options" failed (2: No such file or directory), client: 172.23.0.1, server: sjdco.test, request: "GET /wp-json/acf/v3/options/sjdco-options HTTP/1.1", host: "sjdco.test", referrer: "http://localhost:3000/"
2020/01/12 08:17:56 [error] 2071#2071: *693 open() "/etc/nginx/html/wp-json" failed (2: No such file or directory), client: 172.23.0.1, server: sjdco.test, request: "GET /wp-json HTTP/1.1", host: "sjdco.test", referrer: "http://localhost:3000/"
2020/01/12 08:17:56 [error] 2072#2072: *694 open() "/etc/nginx/html/wp-json/wp/v2/projects" failed (2: No such file or directory), client: 172.23.0.1, server: sjdco.test, request: "GET /wp-json/wp/v2/projects?_embed&order=asc&orderby=menu_order HTTP/1.1", host: "sjdco.test", referrer: "http://localhost:3000/"
2020/01/12 08:17:56 [error] 2070#2070: *695 open() "/etc/nginx/html/wp-json/sjdco/v1/post-by-path/home" failed (2: No such file or directory), client: 172.23.0.1, server: sjdco.test, request: "GET /wp-json/sjdco/v1/post-by-path/home HTTP/1.1", host: "sjdco.test", referrer: "http://localhost:3000/"
2020/01/12 08:17:59 [error] 2070#2070: *692 open() "/etc/nginx/html/wp-json/acf/v3/options/sjdco-options" failed (2: No such file or directory), client: 172.23.0.1, server: sjdco.test, request: "GET /wp-json/acf/v3/options/sjdco-options HTTP/1.1", host: "sjdco.test", referrer: "http://localhost:3000/"
2020/01/12 08:17:59 [error] 2071#2071: *693 open() "/etc/nginx/html/wp-json" failed (2: No such file or directory), client: 172.23.0.1, server: sjdco.test, request: "GET /wp-json HTTP/1.1", host: "sjdco.test", referrer: "http://localhost:3000/"
2020/01/12 08:17:59 [error] 2070#2070: *692 open() "/etc/nginx/html/wp-json/wp/v2/projects" failed (2: No such file or directory), client: 172.23.0.1, server: sjdco.test, request: "GET /wp-json/wp/v2/projects?_embed&order=asc&orderby=menu_order HTTP/1.1", host: "sjdco.test", referrer: "http://localhost:3000/"
2020/01/12 08:17:59 [error] 2070#2070: *692 open() "/etc/nginx/html/wp-json/sjdco/v1/post-by-path/home" failed (2: No such file or directory), client: 172.23.0.1, server: sjdco.test, request: "GET /wp-json/sjdco/v1/post-by-path/home HTTP/1.1", host: "sjdco.test", referrer: "http://localhost:3000/"
2020/01/12 08:18:05 [error] 2070#2070: *692 open() "/etc/nginx/html/wp-json/acf/v3/options/sjdco-options" failed (2: No such file or directory), client: 172.23.0.1, server: sjdco.test, request: "GET /wp-json/acf/v3/options/sjdco-options HTTP/1.1", host: "sjdco.test", referrer: "http://localhost:3000/"
2020/01/12 08:18:05 [error] 2071#2071: *693 open() "/etc/nginx/html/wp-json" failed (2: No such file or directory), client: 172.23.0.1, server: sjdco.test, request: "GET /wp-json HTTP/1.1", host: "sjdco.test", referrer: "http://localhost:3000/"
2020/01/12 08:18:05 [error] 2072#2072: *694 open() "/etc/nginx/html/wp-json/wp/v2/projects" failed (2: No such file or directory), client: 172.23.0.1, server: sjdco.test, request: "GET /wp-json/wp/v2/projects?_embed&order=asc&orderby=menu_order HTTP/1.1", host: "sjdco.test", referrer: "http://localhost:3000/"
2020/01/12 08:18:05 [error] 2070#2070: *692 open() "/etc/nginx/html/wp-json/sjdco/v1/post-by-path/home" failed (2: No such file or directory), client: 172.23.0.1, server: sjdco.test, request: "GET /wp-json/sjdco/v1/post-by-path/home HTTP/1.1", host: "sjdco.test", referrer: "http://localhost:3000/"
2020/01/12 08:18:26 [error] 2070#2070: *700 open() "/etc/nginx/html/wp-json/acf/v3/options/sjdco-options" failed (2: No such file or directory), client: 172.23.0.1, server: sjdco.test, request: "GET /wp-json/acf/v3/options/sjdco-options HTTP/2.0", host: "sjdco.test", referrer: "http://localhost:3000/"
2020/01/12 08:18:26 [error] 2070#2070: *700 open() "/etc/nginx/html/wp-json" failed (2: No such file or directory), client: 172.23.0.1, server: sjdco.test, request: "GET /wp-json HTTP/2.0", host: "sjdco.test", referrer: "http://localhost:3000/"
2020/01/12 08:18:26 [error] 2070#2070: *700 open() "/etc/nginx/html/wp-json/wp/v2/projects" failed (2: No such file or directory), client: 172.23.0.1, server: sjdco.test, request: "GET /wp-json/wp/v2/projects?_embed&order=asc&orderby=menu_order HTTP/2.0", host: "sjdco.test", referrer: "http://localhost:3000/"
2020/01/12 08:18:26 [error] 2070#2070: *700 open() "/etc/nginx/html/wp-json/sjdco/v1/post-by-path/home" failed (2: No such file or directory), client: 172.23.0.1, server: sjdco.test, request: "GET /wp-json/sjdco/v1/post-by-path/home HTTP/2.0", host: "sjdco.test", referrer: "http://localhost:3000/"
2020/01/12 08:18:27 [error] 2070#2070: *700 open() "/etc/nginx/html/wp-json/acf/v3/options/sjdco-options" failed (2: No such file or directory), client: 172.23.0.1, server: sjdco.test, request: "GET /wp-json/acf/v3/options/sjdco-options HTTP/2.0", host: "sjdco.test", referrer: "http://localhost:3000/"
2020/01/12 08:18:27 [error] 2070#2070: *700 open() "/etc/nginx/html/wp-json" failed (2: No such file or directory), client: 172.23.0.1, server: sjdco.test, request: "GET /wp-json HTTP/2.0", host: "sjdco.test", referrer: "http://localhost:3000/"
2020/01/12 08:18:27 [error] 2070#2070: *700 open() "/etc/nginx/html/wp-json/wp/v2/projects" failed (2: No such file or directory), client: 172.23.0.1, server: sjdco.test, request: "GET /wp-json/wp/v2/projects?_embed&order=asc&orderby=menu_order HTTP/2.0", host: "sjdco.test", referrer: "http://localhost:3000/"
2020/01/12 08:18:27 [error] 2070#2070: *700 open() "/etc/nginx/html/wp-json/sjdco/v1/post-by-path/home" failed (2: No such file or directory), client: 172.23.0.1, server: sjdco.test, request: "GET /wp-json/sjdco/v1/post-by-path/home HTTP/2.0", host: "sjdco.test", referrer: "http://localhost:3000/"
2020/01/12 08:19:03 [error] 2070#2070: *707 open() "/etc/nginx/html/wp-admin/admin-ajax.php" failed (2: No such file or directory), client: 172.23.0.1, server: sjdco.test, request: "POST /wp-admin/admin-ajax.php HTTP/1.1", host: "sjdco.test", referrer: "http://sjdco.test/wp-admin/admin.php?page=gf_settings&subview=gravityformswebapi&action=edit&key_id=0"
2020/01/12 08:20:35 [error] 2192#2192: *720 open() "/etc/nginx/html/wp-json/acf/v3/options/sjdco-options" failed (2: No such file or directory), client: 172.23.0.1, server: sjdco.test, request: "GET /wp-json/acf/v3/options/sjdco-options HTTP/2.0", host: "sjdco.test", referrer: "http://localhost:3000/"
2020/01/12 08:20:35 [error] 2192#2192: *720 open() "/etc/nginx/html/wp-json" failed (2: No such file or directory), client: 172.23.0.1, server: sjdco.test, request: "GET /wp-json HTTP/2.0", host: "sjdco.test", referrer: "http://localhost:3000/"
2020/01/12 08:20:35 [error] 2192#2192: *720 open() "/etc/nginx/html/wp-json/wp/v2/projects" failed (2: No such file or directory), client: 172.23.0.1, server: sjdco.test, request: "GET /wp-json/wp/v2/projects?_embed&order=asc&orderby=menu_order HTTP/2.0", host: "sjdco.test", referrer: "http://localhost:3000/"
2020/01/12 08:20:35 [error] 2192#2192: *720 open() "/etc/nginx/html/wp-json/sjdco/v1/post-by-path/home" failed (2: No such file or directory), client: 172.23.0.1, server: sjdco.test, request: "GET /wp-json/sjdco/v1/post-by-path/home HTTP/2.0", host: "sjdco.test", referrer: "http://localhost:3000/"
2020/01/12 08:20:39 [error] 2192#2192: *720 open() "/etc/nginx/html/wp-json/acf/v3/options/sjdco-options" failed (2: No such file or directory), client: 172.23.0.1, server: sjdco.test, request: "GET /wp-json/acf/v3/options/sjdco-options HTTP/2.0", host: "sjdco.test", referrer: "http://localhost:3000/"
2020/01/12 08:20:39 [error] 2192#2192: *720 open() "/etc/nginx/html/wp-json" failed (2: No such file or directory), client: 172.23.0.1, server: sjdco.test, request: "GET /wp-json HTTP/2.0", host: "sjdco.test", referrer: "http://localhost:3000/"
2020/01/12 08:20:39 [error] 2192#2192: *720 open() "/etc/nginx/html/wp-json/wp/v2/projects" failed (2: No such file or directory), client: 172.23.0.1, server: sjdco.test, request: "GET /wp-json/wp/v2/projects?_embed&order=asc&orderby=menu_order HTTP/2.0", host: "sjdco.test", referrer: "http://localhost:3000/"
2020/01/12 08:20:39 [error] 2192#2192: *720 open() "/etc/nginx/html/wp-json/sjdco/v1/post-by-path/home" failed (2: No such file or directory), client: 172.23.0.1, server: sjdco.test, request: "GET /wp-json/sjdco/v1/post-by-path/home HTTP/2.0", host: "sjdco.test", referrer: "http://localhost:3000/"
2020/01/12 08:20:44 [error] 2192#2192: *721 open() "/etc/nginx/html/wp-json/acf/v3/options/sjdco-options" failed (2: No such file or directory), client: 172.23.0.1, server: sjdco.test, request: "GET /wp-json/acf/v3/options/sjdco-options HTTP/2.0", host: "sjdco.test"
2020/01/12 08:20:44 [error] 2192#2192: *720 open() "/etc/nginx/html/favicon.ico" failed (2: No such file or directory), client: 172.23.0.1, server: sjdco.test, request: "GET /favicon.ico HTTP/2.0", host: "sjdco.test", referrer: "https://sjdco.test/wp-json/acf/v3/options/sjdco-options"
2020/01/12 08:20:46 [error] 2192#2192: *721 open() "/etc/nginx/html/wp-json/acf/v3/options/sjdco-options" failed (2: No such file or directory), client: 172.23.0.1, server: sjdco.test, request: "GET /wp-json/acf/v3/options/sjdco-options HTTP/2.0", host: "sjdco.test"
2020/01/12 08:20:51 [error] 2192#2192: *724 open() "/etc/nginx/html/wp-json/acf/v3/options/sjdco-options" failed (2: No such file or directory), client: 172.23.0.1, server: sjdco.test, request: "GET /wp-json/acf/v3/options/sjdco-options HTTP/1.1", host: "sjdco.test"
2020/01/12 08:20:51 [error] 2192#2192: *725 open() "/etc/nginx/html/favicon.ico" failed (2: No such file or directory), client: 172.23.0.1, server: sjdco.test, request: "GET /favicon.ico HTTP/1.1", host: "sjdco.test", referrer: "http://sjdco.test/wp-json/acf/v3/options/sjdco-options"
2020/01/12 08:21:03 [error] 2192#2192: *725 open() "/etc/nginx/html/wp-json/acf/v3/options/sjdco-options" failed (2: No such file or directory), client: 172.23.0.1, server: sjdco.test, request: "GET /wp-json/acf/v3/options/sjdco-options HTTP/1.1", host: "sjdco.test", referrer: "http://localhost:3000/"
2020/01/12 08:21:03 [error] 2192#2192: *725 open() "/etc/nginx/html/wp-json" failed (2: No such file or directory), client: 172.23.0.1, server: sjdco.test, request: "GET /wp-json HTTP/1.1", host: "sjdco.test", referrer: "http://localhost:3000/"
2020/01/12 08:21:03 [error] 2192#2192: *725 open() "/etc/nginx/html/wp-json/wp/v2/projects" failed (2: No such file or directory), client: 172.23.0.1, server: sjdco.test, request: "GET /wp-json/wp/v2/projects?_embed&order=asc&orderby=menu_order HTTP/1.1", host: "sjdco.test", referrer: "http://localhost:3000/"
2020/01/12 08:21:03 [error] 2192#2192: *725 open() "/etc/nginx/html/wp-json/sjdco/v1/post-by-path/home" failed (2: No such file or directory), client: 172.23.0.1, server: sjdco.test, request: "GET /wp-json/sjdco/v1/post-by-path/home HTTP/1.1", host: "sjdco.test", referrer: "http://localhost:3000/"
2020/01/12 08:21:04 [error] 2192#2192: *724 open() "/etc/nginx/html/wp-admin/admin-ajax.php" failed (2: No such file or directory), client: 172.23.0.1, server: sjdco.test, request: "POST /wp-admin/admin-ajax.php HTTP/1.1", host: "sjdco.test", referrer: "http://sjdco.test/wp-admin/admin.php?page=gf_settings&subview=gravityformswebapi&action=edit&key_id=0"
2020/01/12 08:21:28 [error] 2228#2228: *730 open() "/etc/nginx/html/wp-json/acf/v3/options/sjdco-options" failed (2: No such file or directory), client: 172.23.0.1, server: sjdco.test, request: "GET /wp-json/acf/v3/options/sjdco-options HTTP/1.1", host: "sjdco.test", referrer: "http://localhost:3000/"
2020/01/12 08:21:28 [error] 2229#2229: *731 open() "/etc/nginx/html/wp-json" failed (2: No such file or directory), client: 172.23.0.1, server: sjdco.test, request: "GET /wp-json HTTP/1.1", host: "sjdco.test", referrer: "http://localhost:3000/"
2020/01/12 08:21:28 [error] 2228#2228: *730 open() "/etc/nginx/html/wp-json/wp/v2/projects" failed (2: No such file or directory), client: 172.23.0.1, server: sjdco.test, request: "GET /wp-json/wp/v2/projects?_embed&order=asc&orderby=menu_order HTTP/1.1", host: "sjdco.test", referrer: "http://localhost:3000/"
2020/01/12 08:21:28 [error] 2228#2228: *730 open() "/etc/nginx/html/wp-json/sjdco/v1/post-by-path/home" failed (2: No such file or directory), client: 172.23.0.1, server: sjdco.test, request: "GET /wp-json/sjdco/v1/post-by-path/home HTTP/1.1", host: "sjdco.test", referrer: "http://localhost:3000/"
2020/01/12 08:21:29 [error] 2228#2228: *730 open() "/etc/nginx/html/wp-json/acf/v3/options/sjdco-options" failed (2: No such file or directory), client: 172.23.0.1, server: sjdco.test, request: "GET /wp-json/acf/v3/options/sjdco-options HTTP/1.1", host: "sjdco.test", referrer: "http://localhost:3000/"
2020/01/12 08:21:29 [error] 2228#2228: *730 open() "/etc/nginx/html/wp-json" failed (2: No such file or directory), client: 172.23.0.1, server: sjdco.test, request: "GET /wp-json HTTP/1.1", host: "sjdco.test", referrer: "http://localhost:3000/"
2020/01/12 08:21:29 [error] 2228#2228: *730 open() "/etc/nginx/html/wp-json/wp/v2/projects" failed (2: No such file or directory), client: 172.23.0.1, server: sjdco.test, request: "GET /wp-json/wp/v2/projects?_embed&order=asc&orderby=menu_order HTTP/1.1", host: "sjdco.test", referrer: "http://localhost:3000/"
2020/01/12 08:21:29 [error] 2228#2228: *730 open() "/etc/nginx/html/wp-json/sjdco/v1/post-by-path/home" failed (2: No such file or directory), client: 172.23.0.1, server: sjdco.test, request: "GET /wp-json/sjdco/v1/post-by-path/home HTTP/1.1", host: "sjdco.test", referrer: "http://localhost:3000/"
2020/01/12 08:21:39 [error] 2228#2228: *734 open() "/etc/nginx/html/wp-json/acf/v3/options/sjdco-options" failed (2: No such file or directory), client: 172.23.0.1, server: sjdco.test, request: "GET /wp-json/acf/v3/options/sjdco-options HTTP/2.0", host: "sjdco.test", referrer: "http://localhost:3000/"
2020/01/12 08:21:39 [error] 2228#2228: *734 open() "/etc/nginx/html/wp-json" failed (2: No such file or directory), client: 172.23.0.1, server: sjdco.test, request: "GET /wp-json HTTP/2.0", host: "sjdco.test", referrer: "http://localhost:3000/"
2020/01/12 08:21:39 [error] 2228#2228: *734 open() "/etc/nginx/html/wp-json/wp/v2/projects" failed (2: No such file or directory), client: 172.23.0.1, server: sjdco.test, request: "GET /wp-json/wp/v2/projects?_embed&order=asc&orderby=menu_order HTTP/2.0", host: "sjdco.test", referrer: "http://localhost:3000/"
2020/01/12 08:21:39 [error] 2228#2228: *734 open() "/etc/nginx/html/wp-json/sjdco/v1/post-by-path/home" failed (2: No such file or directory), client: 172.23.0.1, server: sjdco.test, request: "GET /wp-json/sjdco/v1/post-by-path/home HTTP/2.0", host: "sjdco.test", referrer: "http://localhost:3000/"
2020/01/12 08:21:49 [error] 2228#2228: *730 "/etc/nginx/html/index.html" is not found (2: No such file or directory), client: 172.23.0.1, server: sjdco.test, request: "GET / HTTP/1.1", host: "sjdco.test"
2020/01/12 08:21:50 [error] 2228#2228: *734 open() "/etc/nginx/html/wp-admin/post.php" failed (2: No such file or directory), client: 172.23.0.1, server: sjdco.test, request: "GET /wp-admin/post.php?post=88&action=edit&message=1 HTTP/2.0", host: "sjdco.test"
2020/01/12 08:21:50 [error] 2228#2228: *734 open() "/etc/nginx/html/favicon.ico" failed (2: No such file or directory), client: 172.23.0.1, server: sjdco.test, request: "GET /favicon.ico HTTP/2.0", host: "sjdco.test", referrer: "https://sjdco.test/wp-admin/post.php?post=88&action=edit&message=1"
2020/01/12 08:21:51 [error] 2228#2228: *730 "/etc/nginx/html/wp-json/index.html" is not found (2: No such file or directory), client: 172.23.0.1, server: sjdco.test, request: "GET /wp-json/ HTTP/1.1", host: "sjdco.test"
2020/01/12 08:21:54 [error] 2228#2228: *734 open() "/etc/nginx/html/wp-json/gf/v2/entries" failed (2: No such file or directory), client: 172.23.0.1, server: sjdco.test, request: "GET /wp-json/gf/v2/entries HTTP/2.0", host: "sjdco.test"
2020/01/12 08:21:55 [error] 2228#2228: *737 "/etc/nginx/html/wp-json/index.html" is not found (2: No such file or directory), client: 172.23.0.1, server: sjdco.test, request: "GET /wp-json/ HTTP/2.0", host: "sjdco.test"
2020/01/12 08:22:06 [error] 2228#2228: *730 "/etc/nginx/html/index.html" is not found (2: No such file or directory), client: 172.23.0.1, server: sjdco.test, request: "GET / HTTP/1.1", host: "sjdco.test"
2020/01/12 08:22:07 [error] 2228#2228: *740 "/etc/nginx/html/index.html" is not found (2: No such file or directory), client: 172.23.0.1, server: sjdco.test, request: "GET / HTTP/1.1", host: "sjdco.test"
2020/01/12 08:22:47 [error] 2279#2279: *745 "/etc/nginx/html/index.html" is not found (2: No such file or directory), client: 172.23.0.1, server: sjdco.test, request: "GET / HTTP/1.1", host: "sjdco.test"
2020/01/12 08:23:04 [error] 2279#2279: *745 open() "/etc/nginx/html/wp-admin/admin-ajax.php" failed (2: No such file or directory), client: 172.23.0.1, server: sjdco.test, request: "POST /wp-admin/admin-ajax.php HTTP/1.1", host: "sjdco.test", referrer: "http://sjdco.test/wp-admin/admin.php?page=gf_settings&subview=gravityformswebapi&action=edit&key_id=0"
2020/01/12 08:23:32 [error] 2325#2325: *752 "/etc/nginx/html/index.html" is not found (2: No such file or directory), client: 172.23.0.1, server: sjdco.test, request: "GET / HTTP/1.1", host: "sjdco.test"
2020/01/12 08:23:33 [error] 2325#2325: *752 "/etc/nginx/html/index.html" is not found (2: No such file or directory), client: 172.23.0.1, server: sjdco.test, request: "GET / HTTP/1.1", host: "sjdco.test"
2020/01/12 08:23:33 [error] 2325#2325: *752 "/etc/nginx/html/index.html" is not found (2: No such file or directory), client: 172.23.0.1, server: sjdco.test, request: "GET / HTTP/1.1", host: "sjdco.test"
2020/01/12 08:23:34 [error] 2325#2325: *752 "/etc/nginx/html/index.html" is not found (2: No such file or directory), client: 172.23.0.1, server: sjdco.test, request: "GET / HTTP/1.1", host: "sjdco.test"
2020/01/12 08:24:04 [error] 2325#2325: *752 "/etc/nginx/html/index.html" is not found (2: No such file or directory), client: 172.23.0.1, server: sjdco.test, request: "GET / HTTP/1.1", host: "sjdco.test"
2020/01/12 08:25:24 [error] 2387#2387: *788 connect() failed (111: Connection refused) while connecting to upstream, client: 172.23.0.1, server: fe.sjdco.test, request: "GET / HTTP/1.1", upstream: "http://127.0.0.1:3000/", host: "fe.sjdco.test"
2020/01/12 08:25:24 [warn] 2387#2387: *788 upstream server temporarily disabled while connecting to upstream, client: 172.23.0.1, server: fe.sjdco.test, request: "GET / HTTP/1.1", upstream: "http://127.0.0.1:3000/", host: "fe.sjdco.test"
2020/01/12 08:25:24 [crit] 2387#2387: *788 connect() to [::1]:3000 failed (99: Cannot assign requested address) while connecting to upstream, client: 172.23.0.1, server: fe.sjdco.test, request: "GET / HTTP/1.1", upstream: "http://[::1]:3000/", host: "fe.sjdco.test"
2020/01/12 08:25:24 [warn] 2387#2387: *788 upstream server temporarily disabled while connecting to upstream, client: 172.23.0.1, server: fe.sjdco.test, request: "GET / HTTP/1.1", upstream: "http://[::1]:3000/", host: "fe.sjdco.test"
2020/01/12 08:25:24 [error] 2387#2387: *792 connect() failed (111: Connection refused) while connecting to upstream, client: 172.23.0.1, server: fe.sjdco.test, request: "GET /favicon.ico HTTP/1.1", upstream: "http://127.0.0.1:3000/favicon.ico", host: "fe.sjdco.test", referrer: "http://fe.sjdco.test/"
2020/01/12 08:25:24 [warn] 2387#2387: *792 upstream server temporarily disabled while connecting to upstream, client: 172.23.0.1, server: fe.sjdco.test, request: "GET /favicon.ico HTTP/1.1", upstream: "http://127.0.0.1:3000/favicon.ico", host: "fe.sjdco.test", referrer: "http://fe.sjdco.test/"
2020/01/12 08:25:24 [crit] 2387#2387: *792 connect() to [::1]:3000 failed (99: Cannot assign requested address) while connecting to upstream, client: 172.23.0.1, server: fe.sjdco.test, request: "GET /favicon.ico HTTP/1.1", upstream: "http://[::1]:3000/favicon.ico", host: "fe.sjdco.test", referrer: "http://fe.sjdco.test/"
2020/01/12 08:25:24 [warn] 2387#2387: *792 upstream server temporarily disabled while connecting to upstream, client: 172.23.0.1, server: fe.sjdco.test, request: "GET /favicon.ico HTTP/1.1", upstream: "http://[::1]:3000/favicon.ico", host: "fe.sjdco.test", referrer: "http://fe.sjdco.test/"
2020/01/12 08:25:25 [error] 2387#2387: *788 connect() failed (111: Connection refused) while connecting to upstream, client: 172.23.0.1, server: fe.sjdco.test, request: "GET / HTTP/1.1", upstream: "http://127.0.0.1:3000/", host: "fe.sjdco.test"
2020/01/12 08:25:25 [warn] 2387#2387: *788 upstream server temporarily disabled while connecting to upstream, client: 172.23.0.1, server: fe.sjdco.test, request: "GET / HTTP/1.1", upstream: "http://127.0.0.1:3000/", host: "fe.sjdco.test"
2020/01/12 08:25:25 [crit] 2387#2387: *788 connect() to [::1]:3000 failed (99: Cannot assign requested address) while connecting to upstream, client: 172.23.0.1, server: fe.sjdco.test, request: "GET / HTTP/1.1", upstream: "http://[::1]:3000/", host: "fe.sjdco.test"
2020/01/12 08:25:25 [warn] 2387#2387: *788 upstream server temporarily disabled while connecting to upstream, client: 172.23.0.1, server: fe.sjdco.test, request: "GET / HTTP/1.1", upstream: "http://[::1]:3000/", host: "fe.sjdco.test"
2020/01/12 08:25:44 [error] 2429#2429: *799 connect() failed (111: Connection refused) while connecting to upstream, client: 172.23.0.1, server: fe.sjdco.test, request: "GET / HTTP/1.1", upstream: "http://192.168.10.25:3000/", host: "fe.sjdco.test"
2020/01/12 08:25:46 [error] 2429#2429: *799 connect() failed (111: Connection refused) while connecting to upstream, client: 172.23.0.1, server: fe.sjdco.test, request: "GET / HTTP/1.1", upstream: "http://192.168.10.25:3000/", host: "fe.sjdco.test"
2020/01/12 08:26:35 [warn] 2429#2429: *819 an upstream response is buffered to a temporary file /var/cache/nginx/proxy_temp/1/00/0000000001 while reading upstream, client: 172.23.0.1, server: sjdco.test, request: "GET /wp-content/uploads/2018/05/recpoint-feature.jpg HTTP/2.0", upstream: "http://192.168.10.25:8080/wp-content/uploads/2018/05/recpoint-feature.jpg", host: "sjdco.test", referrer: "http://192.168.10.25:3000/"
2020/01/12 08:26:35 [warn] 2429#2429: *819 an upstream response is buffered to a temporary file /var/cache/nginx/proxy_temp/2/00/0000000002 while reading upstream, client: 172.23.0.1, server: sjdco.test, request: "GET /wp-content/uploads/2018/05/sweather-header.png HTTP/2.0", upstream: "http://192.168.10.25:8080/wp-content/uploads/2018/05/sweather-header.png", host: "sjdco.test", referrer: "http://192.168.10.25:3000/"
2020/01/12 08:26:35 [warn] 2429#2429: *819 an upstream response is buffered to a temporary file /var/cache/nginx/proxy_temp/3/00/0000000003 while reading upstream, client: 172.23.0.1, server: sjdco.test, request: "GET /wp-content/uploads/2018/05/bright-feature.png HTTP/2.0", upstream: "http://192.168.10.25:8080/wp-content/uploads/2018/05/bright-feature.png", host: "sjdco.test", referrer: "http://192.168.10.25:3000/"
2020/01/12 08:26:35 [warn] 2429#2429: *819 an upstream response is buffered to a temporary file /var/cache/nginx/proxy_temp/4/00/0000000004 while reading upstream, client: 172.23.0.1, server: sjdco.test, request: "GET /wp-content/uploads/2018/05/tlm-feature-1.jpg HTTP/2.0", upstream: "http://192.168.10.25:8080/wp-content/uploads/2018/05/tlm-feature-1.jpg", host: "sjdco.test", referrer: "http://192.168.10.25:3000/"
2020/01/12 08:26:46 [warn] 2429#2429: *819 an upstream response is buffered to a temporary file /var/cache/nginx/proxy_temp/5/00/0000000005 while reading upstream, client: 172.23.0.1, server: sjdco.test, request: "GET /wp-content/uploads/2018/05/bright-feature.png HTTP/2.0", upstream: "http://192.168.10.25:8080/wp-content/uploads/2018/05/bright-feature.png", host: "sjdco.test", referrer: "http://192.168.10.25:3000/"
2020/01/12 08:27:13 [error] 2429#2429: *833 connect() failed (111: Connection refused) while connecting to upstream, client: 172.23.0.1, server: fe.sjdco.test, request: "GET / HTTP/1.1", upstream: "http://192.168.10.25:3000/", host: "fe.sjdco.test"
2020/01/12 08:29:07 [warn] 2429#2429: *819 an upstream response is buffered to a temporary file /var/cache/nginx/proxy_temp/6/00/0000000006 while reading upstream, client: 172.23.0.1, server: sjdco.test, request: "GET /wp-content/uploads/2018/05/bright-feature.png HTTP/2.0", upstream: "http://192.168.10.25:8080/wp-content/uploads/2018/05/bright-feature.png", host: "sjdco.test", referrer: "http://fe.sjdco.test:3000/"
2020/01/12 08:29:12 [error] 2429#2429: *885 connect() failed (111: Connection refused) while connecting to upstream, client: 172.23.0.1, server: fe.sjdco.test, request: "GET / HTTP/1.1", upstream: "http://192.168.10.25:3000/", host: "fe.sjdco.test"
2020/01/12 08:29:15 [error] 2429#2429: *885 connect() failed (111: Connection refused) while connecting to upstream, client: 172.23.0.1, server: fe.sjdco.test, request: "GET / HTTP/1.1", upstream: "http://192.168.10.25:3000/", host: "fe.sjdco.test"
2020/01/12 08:29:26 [error] 2554#2554: *890 sjdco.test could not be resolved (3: Host not found), client: 172.23.0.1, server: fe.sjdco.test, request: "GET / HTTP/1.1", host: "fe.sjdco.test"
2020/01/12 08:29:27 [error] 2554#2554: *890 sjdco.test could not be resolved (3: Host not found), client: 172.23.0.1, server: fe.sjdco.test, request: "GET / HTTP/1.1", host: "fe.sjdco.test"
2020/01/12 08:29:28 [error] 2554#2554: *890 sjdco.test could not be resolved (3: Host not found), client: 172.23.0.1, server: fe.sjdco.test, request: "GET / HTTP/1.1", host: "fe.sjdco.test"
2020/01/12 08:29:38 [error] 2554#2554: *890 sjdco.test could not be resolved (3: Host not found), client: 172.23.0.1, server: fe.sjdco.test, request: "GET / HTTP/1.1", host: "fe.sjdco.test"
2020/01/12 08:30:10 [error] 2554#2554: *890 sjdco.test could not be resolved (3: Host not found), client: 172.23.0.1, server: fe.sjdco.test, request: "GET / HTTP/1.1", host: "fe.sjdco.test"
2020/01/12 08:30:11 [error] 2554#2554: *890 sjdco.test could not be resolved (3: Host not found), client: 172.23.0.1, server: fe.sjdco.test, request: "GET / HTTP/1.1", host: "fe.sjdco.test"
2020/01/12 08:37:50 [error] 2772#2772: *1170 connect() failed (111: Connection refused) while connecting to upstream, client: 172.23.0.1, server: sjdco.test, request: "GET / HTTP/2.0", upstream: "http://192.168.10.25:3000/", host: "sjdco.test"
2020/01/12 08:37:50 [error] 2772#2772: *1170 connect() failed (111: Connection refused) while connecting to upstream, client: 172.23.0.1, server: sjdco.test, request: "GET /images/aperture.svg HTTP/2.0", upstream: "http://192.168.10.25:3000/images/aperture.svg", host: "sjdco.test", referrer: "https://sjdco.test/"
2020/01/12 08:37:50 [error] 2772#2772: *1170 connect() failed (111: Connection refused) while connecting to upstream, client: 172.23.0.1, server: sjdco.test, request: "GET /images/checkbox.svg HTTP/2.0", upstream: "http://192.168.10.25:3000/images/checkbox.svg", host: "sjdco.test", referrer: "https://sjdco.test/"
2020/01/12 08:37:50 [error] 2772#2772: *1170 connect() failed (111: Connection refused) while connecting to upstream, client: 172.23.0.1, server: sjdco.test, request: "GET /images/sd-logo.svg HTTP/2.0", upstream: "http://192.168.10.25:3000/images/sd-logo.svg", host: "sjdco.test", referrer: "https://sjdco.test/"
